[INFO] Scanning for projects...
[INFO] 
[INFO] ----------------------< com.ingilizce:calismaapp >----------------------
[INFO] Building calismaapp 0.0.1-SNAPSHOT
[INFO]   from pom.xml
[INFO] --------------------------------[ jar ]---------------------------------
[INFO] 
[INFO] --- jacoco:0.8.11:prepare-agent (default) @ calismaapp ---
[INFO] argLine set to -javaagent:C:\\Users\\pc\\.m2\\repository\\org\\jacoco\\org.jacoco.agent\\0.8.11\\org.jacoco.agent-0.8.11-runtime.jar=destfile=C:\\flutter-project-main\\backend\\target\\jacoco.exec
[INFO] 
[INFO] --- resources:3.3.1:resources (default-resources) @ calismaapp ---
[INFO] Copying 2 resources from src\main\resources to target\classes
[INFO] Copying 3 resources from src\main\resources to target\classes
[INFO] 
[INFO] --- compiler:3.11.0:compile (default-compile) @ calismaapp ---
[INFO] Nothing to compile - all classes are up to date
[INFO] 
[INFO] --- resources:3.3.1:testResources (default-testResources) @ calismaapp ---
[INFO] Copying 1 resource from src\test\resources to target\test-classes
[INFO] 
[INFO] --- compiler:3.11.0:testCompile (default-testCompile) @ calismaapp ---
[INFO] Nothing to compile - all classes are up to date
[INFO] 
[INFO] --- surefire:3.1.2:test (default-test) @ calismaapp ---
[INFO] Using auto detected provider org.apache.maven.surefire.junitplatform.JUnitPlatformProvider
[INFO] 
[INFO] -------------------------------------------------------
[INFO]  T E S T S
[INFO] -------------------------------------------------------
[INFO] Running com.ingilizce.calismaapp.service.ProgressServiceTest
WARNING: A Java agent has been loaded dynamically (C:\Users\pc\.m2\repository\net\bytebuddy\byte-buddy-agent\1.14.10\byte-buddy-agent-1.14.10.jar)
WARNING: If a serviceability tool is in use, please run with -XX:+EnableDynamicAgentLoading to hide this warning
WARNING: If a serviceability tool is not in use, please run with -Djdk.instrument.traceUsage for more information
WARNING: Dynamic loading of agents will be disallowed by default in a future release
Java HotSpot(TM) 64-Bit Server VM warning: Sharing is only supported for boot loader classes because bootstrap classpath has been appended
00:31:04.238 [main] INFO com.ingilizce.calismaapp.service.ProgressService -- Unlocked achievement: FIRST_WORD
00:31:04.243 [main] INFO com.ingilizce.calismaapp.service.ProgressService -- Unlocked achievement: EARLY_BIRD
00:31:04.243 [main] INFO com.ingilizce.calismaapp.service.ProgressService -- Achievement unlocked: ¦lk Kelime ? (+10 XP)
00:31:04.245 [main] INFO com.ingilizce.calismaapp.service.ProgressService -- Achievement unlocked: Erken Ku■ ? (+20 XP)
00:31:04.278 [main] INFO com.ingilizce.calismaapp.service.ProgressService -- Streak updated: current=6, longest=6
00:31:04.300 [main] INFO com.ingilizce.calismaapp.service.ProgressService -- Awarding 50 XP for: Big Win
00:31:04.301 [main] INFO com.ingilizce.calismaapp.service.ProgressService -- User leveled up to level 2!
00:31:04.301 [main] INFO com.ingilizce.calismaapp.service.ProgressService -- Unlocked achievement: EARLY_BIRD
00:31:04.301 [main] INFO com.ingilizce.calismaapp.service.ProgressService -- Achievement unlocked: Erken Ku■ ? (+20 XP)
00:31:04.319 [main] INFO com.ingilizce.calismaapp.service.ProgressService -- Awarding 50 XP for: Test Activity
00:31:04.326 [main] INFO com.ingilizce.calismaapp.service.ProgressService -- Unlocked achievement: FIRST_WORD
00:31:04.334 [main] INFO com.ingilizce.calismaapp.service.ProgressService -- Streak updated: current=1, longest=10
[ERROR] Tests run: 8, Failures: 1, Errors: 0, Skipped: 0, Time elapsed: 1.934 s <<< FAILURE! -- in com.ingilizce.calismaapp.service.ProgressServiceTest
[ERROR] com.ingilizce.calismaapp.service.ProgressServiceTest.awardXp_ShouldTriggerLevelUp -- Time elapsed: 0.016 s <<< FAILURE!
org.opentest4j.AssertionFailedError: expected: <130> but was: <150>
	at org.junit.jupiter.api.AssertionFailureBuilder.build(AssertionFailureBuilder.java:151)
	at org.junit.jupiter.api.AssertionFailureBuilder.buildAndThrow(AssertionFailureBuilder.java:132)
	at org.junit.jupiter.api.AssertEquals.failNotEqual(AssertEquals.java:197)
	at org.junit.jupiter.api.AssertEquals.assertEquals(AssertEquals.java:182)
	at org.junit.jupiter.api.AssertEquals.assertEquals(AssertEquals.java:177)
	at org.junit.jupiter.api.Assertions.assertEquals(Assertions.java:538)
	at com.ingilizce.calismaapp.service.ProgressServiceTest.awardXp_ShouldTriggerLevelUp(ProgressServiceTest.java:114)
	at java.base/java.lang.reflect.Method.invoke(Method.java:580)
	at java.base/java.util.ArrayList.forEach(ArrayList.java:1597)
	at java.base/java.util.ArrayList.forEach(ArrayList.java:1597)

[INFO] 
[INFO] Results:
[INFO] 
[ERROR] Failures: 
[ERROR]   ProgressServiceTest.awardXp_ShouldTriggerLevelUp:114 expected: <130> but was: <150>
[INFO] 
[ERROR] Tests run: 8, Failures: 1, Errors: 0, Skipped: 0
[INFO] 
[INFO] ------------------------------------------------------------------------
[INFO] BUILD FAILURE
[INFO] ------------------------------------------------------------------------
[INFO] Total time:  4.621 s
[INFO] Finished at: 2026-02-01T00:31:04+03:00
[INFO] ------------------------------------------------------------------------
[ERROR] Failed to execute goal org.apache.maven.plugins:maven-surefire-plugin:3.1.2:test (default-test) on project calismaapp: There are test failures.
[ERROR] 
[ERROR] Please refer to C:\flutter-project-main\backend\target\surefire-reports for the individual test results.
[ERROR] Please refer to dump files (if any exist) [date].dump, [date]-jvmRun[N].dump and [date].dumpstream.
[ERROR] -> [Help 1]
[ERROR] 
[ERROR] To see the full stack trace of the errors, re-run Maven with the -e switch.
[ERROR] Re-run Maven using the -X switch to enable full debug logging.
[ERROR] 
[ERROR] For more information about the errors and possible solutions, please read the following articles:
[ERROR] [Help 1] http://cwiki.apache.org/confluence/display/MAVEN/MojoFailureException
